Diagnose log at 2026-05-06T02:06:47Z

AppPath: C:\Program Files\Git\mingw64\bin\git-credential-manager.exe
InstallDir: C:\Program Files\Git\mingw64\bin\
Version: 2.6.1+786ab03440ddc82e807a97c0e540f5247e44cec6

------------
Diagnostic: Environment
Skipped: False
Success: True
Exception: None
Log:
OSType: Windows
OSVersion: 10.0 (build 26200)
Reading environment variables... OK
 Variables:
HOMEPATH=\Users\carso
DriverData=C:\Windows\System32\Drivers\DriverData
COMPUTERNAME=SPIDERFLAME
GIT_TRACE2_PARENT_SID=b633a44b-066d-4c31-af90-3357637aea52
CommonProgramFiles(x86)=C:\Program Files (x86)\Common Files
OneDrive=C:\Users\carso\OneDrive
TMP=C:\Users\carso\AppData\Local\Temp
HOME=C:\Users\carso
PROCESSOR_REVISION=b701
PATHEXT=.COM;.EXE;.BAT;.CMD;.VBS;.VBE;.JS;.JSE;.WSF;.WSH;.MSC
GIT_EXEC_PATH=C:/Program Files/Git/mingw64/libexec/git-core
TEMP=C:\Users\carso\AppData\Local\Temp
LOCALAPPDATA=C:\Users\carso\AppData\Local
MSYSTEM=MINGW64
TERM=xterm-256color
COLORTERM=truecolor
USERDOMAIN=SPIDERFLAME
ProgramFiles(x86)=C:\Program Files (x86)
Path=C:/Program Files/Git/mingw64/libexec/git-core;C:\Program Files\Git\mingw64\bin;C:\Program Files\Git\usr\bin;C:\Users\carso\bin;C:\Program Files\Common Files\Oracle\Java\javapath;C:\Windows\system32;C:\Windows;C:\Windows\System32\Wbem;C:\Windows\System32\WindowsPowerShell\v1.0\;C:\Windows\System32\OpenSSH\;C:\Program Files\dotnet\;C:\Program Files (x86)\NVIDIA Corporation\PhysX\Common;C:\Program Files\NVIDIA Corporation\NVIDIA NvDLISR;C:\Program Files (x86)\Windows Kits\10\Windows Performance Toolkit\;C:\WINDOWS\system32;C:\WINDOWS;C:\WINDOWS\System32\Wbem;C:\WINDOWS\System32\WindowsPowerShell\v1.0\;C:\WINDOWS\System32\OpenSSH\;C:\Program Files\Git\cmd;C:\Program Files\nodejs\;C:\Program Files\GitHub CLI\;C:\Users\carso\AppData\Local\Microsoft\WindowsApps;C:\Users\carso\AppData\Local\Programs\Microsoft VS Code\bin;C:\Users\carso\AppData\Local\GitHubDesktop\bin;C:\Program Files\Java\jdk-21\bin;C:\Users\carso\AppData\Roaming\npm
PROCESSOR_LEVEL=6
PROCESSOR_IDENTIFIER=Intel64 Family 6 Model 183 Stepping 1, GenuineIntel
TMPDIR=C:\Users\carso\AppData\Local\Temp
APPDATA=C:\Users\carso\AppData\Roaming
PROMPT=$P$G
PSModulePath=C:\Program Files\WindowsPowerShell\Modules;C:\WINDOWS\system32\WindowsPowerShell\v1.0\Modules
PUBLIC=C:\Users\Public
NUMBER_OF_PROCESSORS=32
CommonProgramFiles=C:\Program Files (x86)\Common Files
EFC_21228_1592913036=1
PLINK_PROTOCOL=ssh
ProgramData=C:\ProgramData
LOCAL_GIT_DIRECTORY=C:\Users\carso\AppData\Local\GitHubDesktop\app-3.5.8\resources\app\git
ProgramFiles=C:\Program Files (x86)
ProgramW6432=C:\Program Files
SESSIONNAME=Console
LC_CTYPE=C.UTF-8
CommonProgramW6432=C:\Program Files\Common Files
ZES_ENABLE_SYSMAN=1
LOGONSERVER=\\SPIDERFLAME
USERPROFILE=C:\Users\carso
SystemRoot=C:\WINDOWS
USERDOMAIN_ROAMINGPROFILE=SPIDERFLAME
PROCESSOR_ARCHITEW6432=AMD64
HOMEDRIVE=C:
USERNAME=carso
IGCCSVC_DB=AQAAANCMnd8BFdERjHoAwE/Cl+sBAAAASEHVU2VmoUqgMxIv7wtVXgQAAAACAAAAAAAQZgAAAAEAACAAAACig3B4HgSEoZFGTro4bw6nQrjmAjLKmSzh2rmOgUj4OwAAAAAOgAAAAAIAACAAAADmlLRbIC97/tg3yiIWJmrPwbeHjrUREMHnPugCdQaGBGAAAAAn4isjm2ObEXva+j/6ldDRMmCNwz+2ABBsfsv4cXXg8YzkQ97Al+AH41UnDaK4T4HsddBz3mKeofA5JA+rSS4MZ+1Gw/W8HDQEKCC8Az5ZBPu4emVWSkPTwNfCjR8lDQZAAAAAB9FUxZIi883WwiSpa56oPcmlopj3DzUDH2fwbm64q4UelXFJEad4y3nkjUyoWR8vvM+zpdTUYV3uzsQnEC++ZA==
PROCESSOR_ARCHITECTURE=x86
OS=Windows_NT
ComSpec=C:\WINDOWS\system32\cmd.exe
SystemDrive=C:
windir=C:\WINDOWS
OneDriveConsumer=C:\Users\carso\OneDrive
ALLUSERSPROFILE=C:\ProgramData


------------
Diagnostic: File system
Skipped: False
Success: True
Exception: None
Log:
Temporary directory is 'C:\Users\carso\AppData\Local\Temp\'...
Checking basic file I/O...
Writing to temporary file 'C:\Users\carso\AppData\Local\Temp\bc894415b77d780e4f1a39a3'... OK
Reading from temporary file 'C:\Users\carso\AppData\Local\Temp\bc894415b77d780e4f1a39a3'... OK
Deleting temporary file 'C:\Users\carso\AppData\Local\Temp\bc894415b77d780e4f1a39a3'... OK
Testing IFileSystem instance...
UserHomePath: C:\Users\carso
UserDataDirectoryPath: C:\Users\carso\.gcm
GetCurrentDirectory(): C:\Users\carso\OneDrive\Desktop\GIT folder\Billards Game\Git-Game_folder\billiards-project

------------
Diagnostic: Networking
Skipped: False
Success: True
Exception: None
Log:
Checking networking and HTTP stack...
Creating HTTP client... OK
IsNetworkAvailable: True
Sending HEAD request to http://example.com...Sending HEAD request to https://example.com... OK
 OK
Acquiring free TCP port... OK
Testing local HTTP loopback connections...
Creating new HTTP listener for http://localhost:64490/... OK
Waiting for loopback connection... OK
Writing response... OK
Waiting for response data... OK
Loopback connection data OK

------------
Diagnostic: Git
Skipped: False
Success: True
Exception: None
Log:
Getting Git version... OK
Git version is '2.52.0.windows.1'
Locating current repository...Git repository at 'C:/Users/carso/OneDrive/Desktop/GIT folder/Billards Game/Git-Game_folder/billiards-project/.git'
 OK
Listing all Git configuration... OK
Git configuration:
file:C:/Program Files/Git/etc/gitconfig	diff.astextplain.textconv=astextplain
file:C:/Program Files/Git/etc/gitconfig	filter.lfs.clean=git-lfs clean -- %f
file:C:/Program Files/Git/etc/gitconfig	filter.lfs.smudge=git-lfs smudge -- %f
file:C:/Program Files/Git/etc/gitconfig	filter.lfs.process=git-lfs filter-process
file:C:/Program Files/Git/etc/gitconfig	filter.lfs.required=true
file:C:/Program Files/Git/etc/gitconfig	http.sslbackend=schannel
file:C:/Program Files/Git/etc/gitconfig	core.autocrlf=true
file:C:/Program Files/Git/etc/gitconfig	core.fscache=true
file:C:/Program Files/Git/etc/gitconfig	core.symlinks=false
file:C:/Program Files/Git/etc/gitconfig	pull.rebase=false
file:C:/Program Files/Git/etc/gitconfig	credential.helper=manager
file:C:/Program Files/Git/etc/gitconfig	credential.https://dev.azure.com.usehttppath=true
file:C:/Program Files/Git/etc/gitconfig	init.defaultbranch=master
file:C:/Users/carso/.gitconfig	filter.lfs.smudge=git-lfs smudge -- %f
file:C:/Users/carso/.gitconfig	filter.lfs.process=git-lfs filter-process
file:C:/Users/carso/.gitconfig	filter.lfs.required=true
file:C:/Users/carso/.gitconfig	filter.lfs.clean=git-lfs clean -- %f
file:C:/Users/carso/.gitconfig	user.name=Spiderflame
file:C:/Users/carso/.gitconfig	user.email=carsonsmith4ever@gmail.com
file:C:/Users/carso/.gitconfig	core.autocrlf=true
file:C:/Users/carso/.gitconfig	difftool.sourcetree.cmd='' 
file:C:/Users/carso/.gitconfig	mergetool.sourcetree.cmd='' 
file:C:/Users/carso/.gitconfig	mergetool.sourcetree.trustexitcode=false
file:C:/Users/carso/.gitconfig	mergetool.sourcetree.keepbackup=false
file:C:/Users/carso/.gitconfig	credential.helper=manager
file:.git/config	core.repositoryformatversion=0
file:.git/config	core.filemode=false
file:.git/config	core.bare=false
file:.git/config	core.logallrefupdates=true
file:.git/config	core.symlinks=false
file:.git/config	core.ignorecase=true
file:.git/config	submodule.active=.
file:.git/config	remote.origin.url=https://github.com/Spiderflame/billiards-project.git
file:.git/config	remote.origin.fetch=+refs/heads/*:refs/remotes/origin/*
file:.git/config	branch.main.remote=origin
file:.git/config	branch.main.merge=refs/heads/main
file:.git/config	branch.main.vscode-merge-base=origin/main
file:.git/config	lfs.repositoryformatversion=0


------------
Diagnostic: Credential storage
Skipped: False
Success: True
Exception: None
Log:
ICredentialStore instance is of type: CredentialStore
Writing test credential... OK
Reading test credential... OK
Deleting test credential... OK

------------
Diagnostic: Microsoft authentication (AAD/MSA)
Skipped: False
Success: True
Exception: None
Log:
Broker is not enabled.
Flow type is: Auto
Gathering MSAL token cache data... OK
CacheDirectory: C:\Users\carso\AppData\Local\.IdentityService
CacheFileName: msal.cache
CacheFilePath: C:\Users\carso\AppData\Local\.IdentityService\msal.cache
Creating cache helper... OK
Verifying MSAL token cache persistence... OK

------------
Diagnostic: GitHub API
Skipped: False
Success: True
Exception: None
Log:
Using 'https://github.com/' as API target.
Querying '/meta' endpoint... OK

